
> ai-studio-applet@0.1.0 build
> next build

   Γû▓ Next.js 15.5.12

   Creating an optimized production build ...
node.exe : Failed to compile.
At line:1 char:1
+ & 
"C:\Users\justx/node.exe" "C:
\Users\justx/node_modules/npm
/bin/npm- ...
+ ~~~~~~~~~~~~~~~~~~~~~~~~~~~
~~~~~~~~~~~~~~~~~~~~~~~~~~~~~
~~~~~~~~~~~~~
    + CategoryInfo           
   : NotSpecified: (Failed   
  to compile.:String) [],    
 RemoteException
    + FullyQualifiedErrorId  
   : NativeCommandError
 

app\layout.tsx
An error occurred in 
`next/font`.

Error: Failed to load native 
binding
    at Object.<anonymous> (A:
\blocksafe-escrow\node_module
s\@tailwindcss\oxide\index.js
:372:11)
    at Module._compile (node:
internal/modules/cjs/loader:1
706:14)
    at Object..js (node:inter
nal/modules/cjs/loader:1839:1
0)
    at Module.load (node:inte
rnal/modules/cjs/loader:1441:
32)
    at Function._load (node:i
nternal/modules/cjs/loader:12
63:12)
    at 
TracingChannel.traceSync (nod
e:diagnostics_channel:322:14)
    at wrapModuleLoad (node:i
nternal/modules/cjs/loader:23
7:24)
    at Module.<anonymous> (no
de:internal/modules/cjs/loade
r:1463:12)
    at mod.require (A:\blocks
afe-escrow\node_modules\next\
dist\server\require-hook.js:6
8:28)
    at require (node:internal
/modules/helpers:147:16)
    at Object.<anonymous> (A:
\blocksafe-escrow\node_module
s\@tailwindcss\postcss\dist\i
ndex.js:1:1406)
    at Module._compile (node:
internal/modules/cjs/loader:1
706:14)
    at Object..js (node:inter
nal/modules/cjs/loader:1839:1
0)
    at Module.load (node:inte
rnal/modules/cjs/loader:1441:
32)
    at Function._load (node:i
nternal/modules/cjs/loader:12
63:12)
    at 
TracingChannel.traceSync (nod
e:diagnostics_channel:322:14)
    at wrapModuleLoad (node:i
nternal/modules/cjs/loader:23
7:24)
    at Module.<anonymous> (no
de:internal/modules/cjs/loade
r:1463:12)
    at mod.require (A:\blocks
afe-escrow\node_modules\next\
dist\server\require-hook.js:6
8:28)
    at require (node:internal
/modules/helpers:147:16)
    at A:\blocksafe-escrow\no
de_modules\next\dist\build\we
bpack\config\blocks\css\plugi
ns.js:64:48
    at plugin (A:\blocksafe-e
scrow\node_modules\next\dist\
build\webpack\config\blocks\c
ss\plugins.js:30:44)
    at Processor.normalize (A
:\blocksafe-escrow\node_modul
es\next\node_modules\postcss\
lib\processor.js:18:13)
    at new Processor (A:\bloc
ksafe-escrow\node_modules\nex
t\node_modules\postcss\lib\pr
ocessor.js:11:25)
    at postcss (A:\blocksafe-
escrow\node_modules\next\node
_modules\postcss\lib\postcss.
js:26:10)
    at A:\blocksafe-escrow\no
de_modules\next\dist\build\we
bpack\config\blocks\css\index
.js:128:37

app\layout.tsx
An error occurred in 
`next/font`.

Error: Failed to load native 
binding
    at Object.<anonymous> (A:
\blocksafe-escrow\node_module
s\@tailwindcss\oxide\index.js
:372:11)
    at Module._compile (node:
internal/modules/cjs/loader:1
706:14)
    at Object..js (node:inter
nal/modules/cjs/loader:1839:1
0)
    at Module.load (node:inte
rnal/modules/cjs/loader:1441:
32)
    at Function._load (node:i
nternal/modules/cjs/loader:12
63:12)
    at 
TracingChannel.traceSync (nod
e:diagnostics_channel:322:14)
    at wrapModuleLoad (node:i
nternal/modules/cjs/loader:23
7:24)
    at Module.<anonymous> (no
de:internal/modules/cjs/loade
r:1463:12)
    at mod.require (A:\blocks
afe-escrow\node_modules\next\
dist\server\require-hook.js:6
8:28)
    at require (node:internal
/modules/helpers:147:16)
    at Object.<anonymous> (A:
\blocksafe-escrow\node_module
s\@tailwindcss\postcss\dist\i
ndex.js:1:1406)
    at Module._compile (node:
internal/modules/cjs/loader:1
706:14)
    at Object..js (node:inter
nal/modules/cjs/loader:1839:1
0)
    at Module.load (node:inte
rnal/modules/cjs/loader:1441:
32)
    at Function._load (node:i
nternal/modules/cjs/loader:12
63:12)
    at 
TracingChannel.traceSync (nod
e:diagnostics_channel:322:14)
    at wrapModuleLoad (node:i
nternal/modules/cjs/loader:23
7:24)
    at Module.<anonymous> (no
de:internal/modules/cjs/loade
r:1463:12)
    at mod.require (A:\blocks
afe-escrow\node_modules\next\
dist\server\require-hook.js:6
8:28)
    at require (node:internal
/modules/helpers:147:16)
    at A:\blocksafe-escrow\no
de_modules\next\dist\build\we
bpack\config\blocks\css\plugi
ns.js:64:48
    at plugin (A:\blocksafe-e
scrow\node_modules\next\dist\
build\webpack\config\blocks\c
ss\plugins.js:30:44)
    at Processor.normalize (A
:\blocksafe-escrow\node_modul
es\next\node_modules\postcss\
lib\processor.js:18:13)
    at new Processor (A:\bloc
ksafe-escrow\node_modules\nex
t\node_modules\postcss\lib\pr
ocessor.js:11:25)
    at postcss (A:\blocksafe-
escrow\node_modules\next\node
_modules\postcss\lib\postcss.
js:26:10)
    at A:\blocksafe-escrow\no
de_modules\next\dist\build\we
bpack\config\blocks\css\index
.js:128:37


> Build failed because of 
webpack errors
